layer at (0,0) size 800x600
  RenderView at (0,0) size 800x600
layer at (0,0) size 800x600
  RenderBlock {HTML} at (0,0) size 800x600
    RenderBody {BODY} at (8,8) size 784x584
      RenderMenuList {SELECT} at (2,2) size 76x27 [bgcolor=#FFFFFF] [border: (1px solid #000000)]
        RenderBlock (anonymous) at (1,1) size 74x25
          RenderText at (4,4) size 51x17
            text run at (4,4) width 51: "Default"
      RenderText {#text} at (80,7) size 4x17
        text run at (80,7) width 4: " "
      RenderMenuList {SELECT} at (86,2) size 55x27 [bgcolor=#FFFFFF] [border: (1px solid #000000)]
        RenderBlock (anonymous) at (1,1) size 53x25
          RenderText at (4,4) size 30x17
            text run at (4,4) width 30: "Red"
      RenderText {#text} at (143,7) size 4x17
        text run at (143,7) width 4: " "
      RenderMenuList {SELECT} at (149,2) size 143x27 [bgcolor=#008000] [border: (1px solid #000000)]
        RenderBlock (anonymous) at (1,1) size 141x25
          RenderText at (4,4) size 118x17
            text run at (4,4) width 118: "Default on green"
      RenderText {#text} at (294,7) size 4x17
        text run at (294,7) width 4: " "
      RenderMenuList {SELECT} at (300,2) size 122x27 [bgcolor=#008000] [border: (1px solid #000000)]
        RenderBlock (anonymous) at (1,1) size 120x25
          RenderText at (4,4) size 97x17
            text run at (4,4) width 97: "Red on green"
      RenderText {#text} at (0,0) size 0x0
