layer at (0,0) size 800x600
  RenderView at (0,0) size 800x600
layer at (0,0) size 800x600
  RenderBlock {HTML} at (0,0) size 800x600
    RenderBody {BODY} at (8,8) size 784x584
      RenderBlock {DIV} at (0,0) size 230x90
        RenderText {#text} at (0,0) size 206x35
          text run at (0,0) width 206: "This is a test of kerning when"
          text run at (0,18) width 157: "using SVG web fonts. "
        RenderBR {BR} at (0,0) size 0x0
        RenderBR {BR} at (0,36) size 0x17
        RenderText {#text} at (0,54) size 197x35
          text run at (0,54) width 197: "Wow, The V/A Team's Task"
          text run at (0,72) width 122: "Was on Youtube."
